### Step 2A
amberross@4444 ~ % pwd
/Users/amberross
amberross@4444 ~ %

### Step 2B
amberross@4444 Desktop % or cd /Users/your-username/Desktop

### Step 2C
cd ~/Desktop/unit1-git-practice

### Step 2D
/Users/amberross/Desktop/unit1-git-practice

### Step 2E
ls

### Step 2F
desserts	meats		my-steps.txt	veggies

### Step 2G
cd /

### Step 2H
/

### Step 2I
Applications	Volumes		etc		sbin
Library		bin		home		tmp
System		cores		opt		usr
Users		dev		private		var

### Step 2J
cd ~

### Step 2K
cd ~/Desktop/unit1-git-practice

### Step 3A
mkdir veggies meats desserts

### Step 3B
mv desserts sweets

### Step 3C
mkdir proteins

### Step 3D
mv meats proteins

### Step 3E
cd veggies
touch carrot.txt pea.txt

### Step 3F
cd ../sweets
touch cookie.txt

### Step 3G
mv cookie.txt donut.txt

### Step 3H
cd ..
touch thing.txt

### Step 3I
cp thing.txt tofu.txt

### Step 3J
mv tofu.txt proteins

### Step 3K
mv crab.txt proteins/meats

### Step 3L
rm thing.txt

### Step 3M
cp -r veggies plants

### Step 3N
mkdir drinks
rm -r drinks

### Step 4
amberross@4444 unit1-git-practice % git status
On branch main
Changes not staged for commit:
  (use "git add <file>..." to update what will be committed)
  (use "git restore <file>..." to discard changes in working directory)
	modified:   .DS_Store

### Step 5
amberross@4444 unit1-git-practice % git push -u origin main
Username for 'https://github.com': Aross44
Password for 'https://Aross44@github.com': 
Enumerating objects: 14, done.
Counting objects: 100% (14/14), done.
Delta compression using up to 8 threads
Compressing objects: 100% (11/11), done.
Writing objects: 100% (14/14), 2.23 KiB | 2.23 MiB/s, done.
Total 14 (delta 3), reused 0 (delta 0), pack-reused 0
remote: Resolving deltas: 100% (3/3), done.
To https://github.com/Aross44/Unit-1.git
 * [new branch]      main -> main
branch 'main' set up to track 'origin/main'

### Step 6
amberross@4444 unit1-git-practice % git init
Reinitialized existing Git repository in /Users/amberross/Desktop/unit1-git-practice/.git/
amberross@4444 unit1-git-practice % cd/path/to/your/project
zsh: no such file or directory: cd/path/to/your/project
amberross@4444 unit1-git-practice % cd /path/to/your/project
cd: no such file or directory: /path/to/your/project

amberross@4444 unit1-git-practice % ls
README.md	my-steps.txt	plants		proteins	sweets		veggies
### Step 7
*** DO NOT RECORD STEP 7 ***
